// Jest Snapshot v1, https://goo.gl/fbAQLP

exports[`userPreferences actions should export expected actions 1`] = `
Object {
  "userLoggedIn": [Function],
}
`;
